// Jest Snapshot v1, https://goo.gl/fbAQLP

exports[`renders correctly 1`] = `
<div
  className="counter"
>
  <span
    className="counter__controll"
    onClick={undefined}
    role="presentation"
  >
    -
  </span>
  <span
    className="counter__value"
  >
    10
  </span>
  <span
    className="counter__controll"
    onClick={undefined}
    role="presentation"
  >
    +
  </span>
</div>
`;
